Cleaning up corrupted local files...
Switching to degeabeo to download properly...
Active profile: degeabeo
Active environment: main
Downloading L21_V013
✓ Finished downloading files to local!
✓ Finished downloading files to local!
Downloading L21_V014
✓ Finished downloading files to local!
✓ Finished downloading files to local!
Downloading L21_V016
✓ Finished downloading files to local!
✓ Finished downloading files to local!
Downloading L21_V019
✓ Finished downloading files to local!
✓ Finished downloading files to local!
Downloading L21_V021
✓ Finished downloading files to local!
✓ Finished downloading files to local!
Downloading L21_V024
✓ Finished downloading files to local!
✓ Finished downloading files to local!
Downloading L21_V025
✓ Finished downloading files to local!
✓ Finished downloading files to local!
Downloading L21_V028
✓ Finished downloading files to local!
✓ Finished downloading files to local!
Downloading L21_V030
✓ Finished downloading files to local!
✓ Finished downloading files to local!
Downloading L22_V002
✓ Finished downloading files to local!
✓ Finished downloading files to local!
Downloading L22_V003
✓ Finished downloading files to local!
✓ Finished downloading files to local!
Downloading L22_V005
✓ Finished downloading files to local!
✓ Finished downloading files to local!
Downloading L22_V007
✓ Finished downloading files to local!
✓ Finished downloading files to local!
Downloading L22_V011
✓ Finished downloading files to local!
✓ Finished downloading files to local!
Downloading L22_V019
✓ Finished downloading files to local!
✓ Finished downloading files to local!
Downloading L22_V022
✓ Finished downloading files to local!
✓ Finished downloading files to local!
Downloading L22_V023
✓ Finished downloading files to local!
✓ Finished downloading files to local!
Downloading L22_V024
✓ Finished downloading files to local!
✓ Finished downloading files to local!
Downloading L22_V025
✓ Finished downloading files to local!
✓ Finished downloading files to local!
Downloading L22_V026
✓ Finished downloading files to local!
✓ Finished downloading files to local!
Downloading L22_V027
✓ Finished downloading files to local!
✓ Finished downloading files to local!
Downloading L22_V028
✓ Finished downloading files to local!
✓ Finished downloading files to local!
Downloading L22_V029
✓ Finished downloading files to local!
✓ Finished downloading files to local!
Downloading L22_V031
✓ Finished downloading files to local!
✓ Finished downloading files to local!
Downloading L25_V004
✓ Finished downloading files to local!
✓ Finished downloading files to local!
Downloading L25_V012
✓ Finished downloading files to local!
✓ Finished downloading files to local!
Downloading L25_V015
✓ Finished downloading files to local!
✓ Finished downloading files to local!
Downloading L25_V017
✓ Finished downloading files to local!
✓ Finished downloading files to local!
Downloading L25_V020
✓ Finished downloading files to local!
✓ Finished downloading files to local!
Downloading L25_V029
✓ Finished downloading files to local!
✓ Finished downloading files to local!
Downloading L25_V035
✓ Finished downloading files to local!
✓ Finished downloading files to local!
Downloading L25_V038
✓ Finished downloading files to local!
✓ Finished downloading files to local!
Downloading L25_V042
✓ Finished downloading files to local!
✓ Finished downloading files to local!
Downloading L25_V044
✓ Finished downloading files to local!
✓ Finished downloading files to local!
Downloading L25_V047
✓ Finished downloading files to local!
